src/app/api/ideas/[id]/back/route.ts(36,21): error TS2345: Argument of type '{ pledge_amount: number; comment: string | undefined; is_anonymous: boolean; updated_at: string; }' is not assignable to parameter of type 'never'.
src/app/api/ideas/[id]/back/route.ts(42,39): error TS2339: Property 'id' does not exist on type 'never'.
src/app/api/ideas/[id]/back/route.ts(52,14): error TS2769: No overload matches this call.
  Overload 1 of 2, '(values: never, options?: { count?: "exact" | "planned" | "estimated" | undefined; } | undefined): PostgrestFilterBuilder<{ PostgrestVersion: "12"; }, never, never, null, "idea_backers", never, "POST">', gave the following error.
    Argument of type '{ idea_id: string; user_id: string; pledge_amount: number; comment: string | undefined; is_anonymous: boolean; }' is not assignable to parameter of type 'never'.
  Overload 2 of 2, '(values: never[], options?: { count?: "exact" | "planned" | "estimated" | undefined; defaultToNull?: boolean | undefined; } | undefined): PostgrestFilterBuilder<{ PostgrestVersion: "12"; }, never, never, null, "idea_backers", never, "POST">', gave the following error.
    Object literal may only specify known properties, and 'idea_id' does not exist in type 'never[]'.
src/app/api/ideas/[id]/backers/route.ts(23,73): error TS2339: Property 'pledge_amount' does not exist on type 'never'.
src/app/api/ideas/[id]/collaborators/[collaboratorId]/route.ts(60,24): error TS2339: Property 'user_id' does not exist on type 'never'.
src/app/api/ideas/[id]/collaborators/[collaboratorId]/route.ts(61,38): error TS2339: Property 'user_id' does not exist on type 'never'.
src/app/api/ideas/[id]/collaborators/[collaboratorId]/route.ts(79,22): error TS2339: Property 'role' does not exist on type 'never'.
src/app/api/ideas/[id]/collaborators/[collaboratorId]/route.ts(85,20): error TS2339: Property 'role' does not exist on type 'never'.
src/app/api/ideas/[id]/collaborators/[collaboratorId]/route.ts(85,53): error TS2339: Property 'status' does not exist on type 'never'.
src/app/api/ideas/[id]/collaborators/[collaboratorId]/route.ts(94,29): error TS2339: Property 'user_id' does not exist on type 'never'.
src/app/api/ideas/[id]/collaborators/route.ts(48,24): error TS2339: Property 'user_id' does not exist on type 'never'.
src/app/api/ideas/[id]/collaborators/route.ts(96,55): error TS2698: Spread types may only be created from object types.
src/app/api/ideas/[id]/collaborators/route.ts(99,18): error TS2339: Property 'user_id' does not exist on type 'never'.
src/app/api/ideas/[id]/collaborators/route.ts(103,28): error TS2339: Property 'user_id' does not exist on type 'never'.
src/app/api/ideas/[id]/collaborators/route.ts(115,26): error TS2339: Property 'invited_by' does not exist on type 'never'.
src/app/api/ideas/[id]/comments/route.ts(172,13): error TS2769: No overload matches this call.
  Overload 1 of 2, '(values: never, options?: { count?: "exact" | "planned" | "estimated" | undefined; } | undefined): PostgrestFilterBuilder<{ PostgrestVersion: "12"; }, never, never, null, "comments", never, "POST">', gave the following error.
    Argument of type 'Record<string, unknown>' is not assignable to parameter of type 'never'.
  Overload 2 of 2, '(values: never[], options?: { count?: "exact" | "planned" | "estimated" | undefined; defaultToNull?: boolean | undefined; } | undefined): PostgrestFilterBuilder<{ PostgrestVersion: "12"; }, never, never, null, "comments", never, "POST">', gave the following error.
    Argument of type 'Record<string, unknown>' is not assignable to parameter of type 'never[]'.
      Type 'Record<string, unknown>' is missing the following properties from type 'never[]': length, pop, push, concat, and 35 more.
src/app/api/ideas/[id]/invite/route.ts(72,24): error TS2339: Property 'user_id' does not exist on type 'never'.
src/app/api/ideas/[id]/invite/route.ts(97,40): error TS2339: Property 'id' does not exist on type 'never'.
src/app/api/ideas/[id]/invite/route.ts(97,52): error TS2339: Property 'user_id' does not exist on type 'never'.
src/app/api/ideas/[id]/invite/route.ts(110,30): error TS2339: Property 'status' does not exist on type 'never'.
src/app/api/ideas/[id]/invite/route.ts(112,55): error TS2339: Property 'role' does not exist on type 'never'.
src/app/api/ideas/[id]/invite/route.ts(116,30): error TS2339: Property 'status' does not exist on type 'never'.
src/app/api/ideas/[id]/invite/route.ts(117,55): error TS2339: Property 'expires_at' does not exist on type 'never'.
src/app/api/ideas/[id]/invite/route.ts(128,40): error TS2339: Property 'id' does not exist on type 'never'.
src/app/api/ideas/[id]/invite/route.ts(131,30): error TS2339: Property 'status' does not exist on type 'never'.
src/app/api/ideas/[id]/invite/route.ts(136,40): error TS2339: Property 'id' does not exist on type 'never'.
src/app/api/ideas/[id]/invite/route.ts(156,6): error TS2769: No overload matches this call.
  Overload 1 of 2, '(values: never, options?: { count?: "exact" | "planned" | "estimated" | undefined; } | undefined): PostgrestFilterBuilder<{ PostgrestVersion: "12"; }, never, never, null, "idea_collaborators", never, "POST">', gave the following error.
    Argument of type '{ idea_id: string; email: string; role: "viewer" | "editor" | "admin"; status: string; invited_by: string; invite_token: string; expires_at: string; }' is not assignable to parameter of type 'never'.
  Overload 2 of 2, '(values: never[], options?: { count?: "exact" | "planned" | "estimated" | undefined; defaultToNull?: boolean | undefined; } | undefined): PostgrestFilterBuilder<{ PostgrestVersion: "12"; }, never, never, null, "idea_collaborators", never, "POST">', gave the following error.
    Object literal may only specify known properties, and 'idea_id' does not exist in type 'never[]'.
src/app/api/ideas/[id]/levels/[levelNumber]/route.ts(76,36): error TS2339: Property 'id' does not exist on type 'never'.
src/app/api/ideas/[id]/levels/[levelNumber]/route.ts(95,21): error TS2345: Argument of type '{ current_level: number; }' is not assignable to parameter of type 'never'.
src/app/api/ideas/[id]/pivot/route.ts(72,24): error TS2339: Property 'user_id' does not exist on type 'never'.
src/app/api/ideas/[id]/pivot/route.ts(84,36): error TS2339: Property 'role' does not exist on type 'never'.
src/app/api/ideas/[id]/pivot/route.ts(84,72): error TS2339: Property 'role' does not exist on type 'never'.
src/app/api/ideas/[id]/pivot/route.ts(96,19): error TS2339: Property 'title' does not exist on type 'never'.
src/app/api/ideas/[id]/pivot/route.ts(97,25): error TS2339: Property 'description' does not exist on type 'never'.
src/app/api/ideas/[id]/pivot/route.ts(98,36): error TS2339: Property 'current_level' does not exist on type 'never'.
src/app/api/ideas/[id]/pivot/route.ts(119,15): error TS2345: Argument of type 'any' is not assignable to parameter of type 'never'.
src/app/api/ideas/[id]/pivot/route.ts(135,27): error TS2339: Property 'user_id' does not exist on type 'never'.
src/app/api/ideas/[id]/pivot/route.ts(139,5): error TS2698: Spread types may only be created from object types.
src/app/api/ideas/[id]/pivot/route.ts(140,42): error TS2339: Property 'user_id' does not exist on type 'never'.
src/app/api/ideas/[id]/vote/route.ts(83,7): error TS2769: No overload matches this call.
  Overload 1 of 2, '(values: never, options?: { onConflict?: string | undefined; ignoreDuplicates?: boolean | undefined; count?: "exact" | "planned" | "estimated" | undefined; } | undefined): PostgrestFilterBuilder<{ ...; }, ... 5 more ..., "POST">', gave the following error.
    Argument of type 'Record<string, unknown>' is not assignable to parameter of type 'never'.
  Overload 2 of 2, '(values: never[], options?: { onConflict?: string | undefined; ignoreDuplicates?: boolean | undefined; count?: "exact" | "planned" | "estimated" | undefined; defaultToNull?: boolean | undefined; } | undefined): PostgrestFilterBuilder<...>', gave the following error.
    Argument of type 'Record<string, unknown>' is not assignable to parameter of type 'never[]'.
      Type 'Record<string, unknown>' is missing the following properties from type 'never[]': length, pop, push, concat, and 35 more.
src/app/api/invites/[token]/accept/route.ts(62,18): error TS2339: Property 'status' does not exist on type 'never'.
src/app/api/invites/[token]/accept/route.ts(66,18): error TS2339: Property 'status' does not exist on type 'never'.
src/app/api/invites/[token]/accept/route.ts(71,41): error TS2339: Property 'expires_at' does not exist on type 'never'.
src/app/api/invites/[token]/accept/route.ts(83,21): error TS2339: Property 'email' does not exist on type 'never'.
src/app/api/invites/[token]/accept/route.ts(88,19): error TS2339: Property 'email' does not exist on type 'never'.
src/app/api/invites/[token]/accept/route.ts(88,54): error TS2339: Property 'email' does not exist on type 'never'.
src/app/api/invites/[token]/accept/route.ts(98,26): error TS2339: Property 'idea_id' does not exist on type 'never'.
src/app/api/invites/[token]/accept/route.ts(106,12): error TS2339: Property 'user_id' does not exist on type 'never'.
src/app/api/invites/[token]/accept/route.ts(114,31): error TS2339: Property 'idea_id' does not exist on type 'never'.
src/app/api/invites/[token]/accept/route.ts(126,13): error TS2345: Argument of type '{ user_id: string; status: string; accepted_at: string; invite_token: null; }' is not assignable to parameter of type 'never'.
src/app/api/invites/[token]/accept/route.ts(132,26): error TS2339: Property 'id' does not exist on type 'never'.
src/app/api/invites/[token]/accept/route.ts(144,20): error TS2339: Property 'user_id' does not exist on type 'never'.
src/app/api/invites/[token]/accept/route.ts(148,5): error TS2698: Spread types may only be created from object types.
src/app/api/invites/[token]/accept/route.ts(149,41): error TS2339: Property 'user_id' does not exist on type 'never'.
src/app/api/invites/[token]/accept/route.ts(156,26): error TS2339: Property 'invited_by' does not exist on type 'never'.
src/app/api/invites/[token]/accept/route.ts(166,5): error TS2698: Spread types may only be created from object types.
src/app/ideas/[id]/page.tsx(25,21): error TS2339: Property 'title' does not exist on type 'never'.
src/app/ideas/[id]/page.tsx(26,53): error TS2339: Property 'title' does not exist on type 'never'.
src/app/ideas/[id]/page.tsx(28,25): error TS2339: Property 'title' does not exist on type 'never'.
src/app/ideas/[id]/page.tsx(29,57): error TS2339: Property 'title' does not exist on type 'never'.
src/components/collaboration/CollaboratorSettings.tsx(52,37): error TS2339: Property 'message' does not exist on type '{ success: boolean; }'.
src/components/collaboration/InviteAcceptance.tsx(24,17): error TS2339: Property 'isLoading' does not exist on type '{ signInWithGoogle: (redirectAfterLogin?: string | undefined) => Promise<void>; signOut: () => Promise<void>; user: User | null; session: Session | null; loading: boolean; isAuthenticated: boolean; }'.
src/components/forge/FeedbackSection.tsx(97,46): error TS2322: Type 'string | null | undefined' is not assignable to type 'string | Blob | undefined'.
  Type 'null' is not assignable to type 'string | Blob | undefined'.
src/components/ideas/ideas-list.tsx(83,21): error TS2322: Type 'IdeaWithDetails' is not assignable to type '{ id: string; title: string; description: string; created_at: string; user_id: string; author?: { full_name: string; avatar_url?: string | undefined; } | null | undefined; upvotes_count?: number | undefined; downvotes_count?: number | undefined; comments_count?: number | undefined; user_vote?: { ...; } | ... 1 more ...'.
  The types of 'author.full_name' are incompatible between these types.
    Type 'string | null' is not assignable to type 'string'.
      Type 'null' is not assignable to type 'string'.
src/lib/gamification.ts(25,21): error TS2345: Argument of type '{ karma: any; }' is not assignable to parameter of type 'never'.
src/lib/gamification.ts(55,10): error TS2769: No overload matches this call.
  Overload 1 of 2, '(values: never, options?: { count?: "exact" | "planned" | "estimated" | undefined; } | undefined): PostgrestFilterBuilder<{ PostgrestVersion: "12"; }, never, never, null, any, never, "POST">', gave the following error.
    Argument of type '{ user_id: string; badge_id: any; }' is not assignable to parameter of type 'never'.
  Overload 2 of 2, '(values: never[], options?: { count?: "exact" | "planned" | "estimated" | undefined; defaultToNull?: boolean | undefined; } | undefined): PostgrestFilterBuilder<{ PostgrestVersion: "12"; }, never, never, null, any, never, "POST">', gave the following error.
    Object literal may only specify known properties, and 'user_id' does not exist in type 'never[]'.
